src/components/ShareTripModal.tsx(3,30): error TS2307: Cannot find module '../services/plansService' or its corresponding type declarations.
src/modules/AgentAffiliate/components/AffiliateGallery.tsx(2,34): error TS2307: Cannot find module './types' or its corresponding type declarations.
src/modules/AgentAffiliate/components/AffiliateWorkspace.tsx(2,34): error TS2307: Cannot find module './types' or its corresponding type declarations.
src/modules/AgentAffiliate/components/BookingPanel.tsx(3,40): error TS2307: Cannot find module './types' or its corresponding type declarations.
src/modules/AgentAffiliate/components/Dashboard.tsx(3,51): error TS2307: Cannot find module './types' or its corresponding type declarations.
src/modules/AgentAffiliate/components/ItineraryTimeline.tsx(3,31): error TS2307: Cannot find module './types' or its corresponding type declarations.
src/modules/AgentAffiliate/components/ListingGallery.tsx(3,25): error TS2307: Cannot find module './types' or its corresponding type declarations.
src/modules/AgentAffiliate/components/ListingWorkspace.tsx(3,25): error TS2307: Cannot find module './types' or its corresponding type declarations.
src/modules/AgentAffiliate/components/Message.tsx(3,38): error TS2307: Cannot find module './types' or its corresponding type declarations.
src/modules/AgentAffiliate/components/ProductCard.tsx(3,25): error TS2307: Cannot find module './types' or its corresponding type declarations.
src/modules/AgentAffiliate/components/ProductModal.tsx(3,25): error TS2307: Cannot find module './types' or its corresponding type declarations.
src/modules/AgentAffiliate/components/WorkspaceCard.tsx(3,25): error TS2307: Cannot find module './types' or its corresponding type declarations.
src/pages/LandingPage.tsx(3,25): error TS2307: Cannot find module '../components/FeatureCard' or its corresponding type declarations.
src/pages/MapPage.tsx(2,57): error TS2307: Cannot find module '../services/geminiService' or its corresponding type declarations.
src/services/Tripviewer.tsx(4,27): error TS2307: Cannot find module '../services/tripStorage' or its corresponding type declarations.
src/services/Tripviewer.tsx(5,48): error TS2307: Cannot find module '../services/invitationsService' or its corresponding type declarations.
src/services/Tripviewer.tsx(6,48): error TS2307: Cannot find module '../services/planMembersService' or its corresponding type declarations.
supabase/functions/gemini-api/index.ts(1,30): error TS2307: Cannot find module 'https://esm.sh/@supabase/supabase-js@2' or its corresponding type declarations.
supabase/functions/gemini-api/index.ts(2,36): error TS2307: Cannot find module 'https://esm.sh/@google/generative-ai@0.12.0' or its corresponding type declarations.
supabase/functions/gemini-api/index.ts(12,1): error TS2304: Cannot find name 'Deno'.
supabase/functions/gemini-api/index.ts(22,13): error TS2304: Cannot find name 'Deno'.
supabase/functions/gemini-api/index.ts(23,13): error TS2304: Cannot find name 'Deno'.
supabase/functions/gemini-api/index.ts(31,24): error TS2304: Cannot find name 'Deno'.
supabase/functions/send-expense-summary/index.ts(1,23): error TS2307: Cannot find module 'https://deno.land/std@0.168.0/http/server.ts' or its corresponding type declarations.
supabase/functions/send-expense-summary/index.ts(2,30): error TS2307: Cannot find module 'https://esm.sh/@supabase/supabase-js@2.39.0' or its corresponding type declarations.
supabase/functions/send-expense-summary/index.ts(4,24): error TS2304: Cannot find name 'Deno'.
supabase/functions/send-expense-summary/index.ts(5,22): error TS2304: Cannot find name 'Deno'.
supabase/functions/send-expense-summary/index.ts(6,35): error TS2304: Cannot find name 'Deno'.
